[backblue.gif]
[fade.gif]
[index.html]
[vimcdoc.sourceforge.net/doc/index.html]
[vimcdoc.sourceforge.net/doc/vim-stylesheet.css]
[vimcdoc.sourceforge.net/doc/index-2.html]
[vimcdoc.sourceforge.net/doc/quickref.html]
[vimcdoc.sourceforge.net/doc/eval.html]
[vimcdoc.sourceforge.net/doc/tags.html]
[vimcdoc.sourceforge.net/doc/insert.html]
[vimcdoc.sourceforge.net/doc/digraph.html]
[vimcdoc.sourceforge.net/doc/map.html]
[vimcdoc.sourceforge.net/doc/various.html]
[vimcdoc.sourceforge.net/doc/helphelp.html]
[vimcdoc.sourceforge.net/doc/scroll.html]
[vimcdoc.sourceforge.net/doc/pattern.html]
[vimcdoc.sourceforge.net/doc/editing.html]
[vimcdoc.sourceforge.net/doc/motion.html]
[vimcdoc.sourceforge.net/doc/undo.html]
[vimcdoc.sourceforge.net/doc/visual.html]
[vimcdoc.sourceforge.net/doc/starting.html]
[vimcdoc.sourceforge.net/doc/repeat.html]
[vimcdoc.sourceforge.net/doc/cmdline.html]
[vimcdoc.sourceforge.net/doc/diff.html]
[vimcdoc.sourceforge.net/doc/windows.html]
[vimcdoc.sourceforge.net/doc/message.html]
[vimcdoc.sourceforge.net/doc/pi_netrw.html]
[vimcdoc.sourceforge.net/doc/gui.html]
[vimcdoc.sourceforge.net/doc/autocmd.html]
[vimcdoc.sourceforge.net/doc/quickfix.html]
[vimcdoc.sourceforge.net/doc/syntax.html]
[vimcdoc.sourceforge.net/doc/if_cscop.html]
[vimcdoc.sourceforge.net/doc/filetype.html]
[vimcdoc.sourceforge.net/doc/print.html]
[vimcdoc.sourceforge.net/doc/mlang.html]
[vimcdoc.sourceforge.net/doc/mbyte.html]
[vimcdoc.sourceforge.net/doc/if_lua.html]
[vimcdoc.sourceforge.net/doc/if_mzsch.html]
[vimcdoc.sourceforge.net/doc/netbeans.html]
[vimcdoc.sourceforge.net/doc/vi_diff.html]
[vimcdoc.sourceforge.net/doc/if_perl.html]
[vimcdoc.sourceforge.net/doc/recover.html]
[vimcdoc.sourceforge.net/doc/if_pyth.html]
[vimcdoc.sourceforge.net/doc/sign.html]
[vimcdoc.sourceforge.net/doc/if_sniff.html]
[vimcdoc.sourceforge.net/doc/tabpage.html]
[vimcdoc.sourceforge.net/doc/if_tcl.html]
[vimcdoc.sourceforge.net/doc/workshop.html]
[vimcdoc.sourceforge.net/doc/help.html]
[vimcdoc.sourceforge.net/doc/os_dos.html]
[vimcdoc.sourceforge.net/doc/usr_06.html]
[vimcdoc.sourceforge.net/doc/usr_41.html]
[vimcdoc.sourceforge.net/doc/remote.html]
[vimcdoc.sourceforge.net/doc/indent.html]
[vimcdoc.sourceforge.net/doc/tips.html]
[vimcdoc.sourceforge.net/doc/debugger.html]
[vimcdoc.sourceforge.net/doc/farsi.html]
[vimcdoc.sourceforge.net/doc/hangulin.html]
[vimcdoc.sourceforge.net/doc/pi_vimball.html]
[vimcdoc.sourceforge.net/doc/todo.html]
[vimcdoc.sourceforge.net/doc/if_ole.html]
[vimcdoc.sourceforge.net/doc/version7.html]
[vimcdoc.sourceforge.net/doc/usr_01.html]
[vimcdoc.sourceforge.net/doc/usr_03.html]
[vimcdoc.sourceforge.net/doc/usr_05.html]
[vimcdoc.sourceforge.net/doc/usr_07.html]
[vimcdoc.sourceforge.net/doc/usr_08.html]
[vimcdoc.sourceforge.net/doc/usr_09.html]
[vimcdoc.sourceforge.net/doc/usr_10.html]
[vimcdoc.sourceforge.net/doc/usr_11.html]
[vimcdoc.sourceforge.net/doc/usr_12.html]
[vimcdoc.sourceforge.net/doc/usr_20.html]
[vimcdoc.sourceforge.net/doc/usr_21.html]
[vimcdoc.sourceforge.net/doc/usr_22.html]
[vimcdoc.sourceforge.net/doc/usr_23.html]
[vimcdoc.sourceforge.net/doc/usr_24.html]
[vimcdoc.sourceforge.net/doc/usr_25.html]
[vimcdoc.sourceforge.net/doc/usr_26.html]
[vimcdoc.sourceforge.net/doc/usr_27.html]
[vimcdoc.sourceforge.net/doc/usr_28.html]
[vimcdoc.sourceforge.net/doc/usr_29.html]
[vimcdoc.sourceforge.net/doc/usr_30.html]
[vimcdoc.sourceforge.net/doc/usr_31.html]
[vimcdoc.sourceforge.net/doc/usr_32.html]
[vimcdoc.sourceforge.net/doc/usr_40.html]
[vimcdoc.sourceforge.net/doc/usr_42.html]
[vimcdoc.sourceforge.net/doc/usr_43.html]
[vimcdoc.sourceforge.net/doc/usr_44.html]
[vimcdoc.sourceforge.net/doc/usr_45.html]
[vimcdoc.sourceforge.net/doc/usr_90.html]
[vimcdoc.sourceforge.net/doc/ft_ada.html]
[vimcdoc.sourceforge.net/doc/pi_paren.html]
[vimcdoc.sourceforge.net/doc/pi_tar.html]
[vimcdoc.sourceforge.net/doc/os_amiga.html]
[vimcdoc.sourceforge.net/doc/os_mint.html]
[vimcdoc.sourceforge.net/doc/os_beos.html]
[vimcdoc.sourceforge.net/doc/version6.html]
[vimcdoc.sourceforge.net/doc/os_msdos.html]
[vimcdoc.sourceforge.net/doc/uganda.html]
[vimcdoc.sourceforge.net/doc/os_390.html]
[vimcdoc.sourceforge.net/doc/os_os2.html]
[vimcdoc.sourceforge.net/doc/os_qnx.html]
[vimcdoc.sourceforge.net/doc/os_risc.html]
[vimcdoc.sourceforge.net/doc/russian.html]
[vimcdoc.sourceforge.net/doc/ft_sql.html]
[vimcdoc.sourceforge.net/doc/os_unix.html]
[vimcdoc.sourceforge.net/doc/os_vms.html]
[vimcdoc.sourceforge.net/doc/version4.html]
[vimcdoc.sourceforge.net/doc/pi_gzip.html]
[vimcdoc.sourceforge.net/doc/develop.html]
[vimcdoc.sourceforge.net/doc/debug.html]
[vimcdoc.sourceforge.net/doc/gui_w16.html]
[vimcdoc.sourceforge.net/doc/hebrew.html]
[vimcdoc.sourceforge.net/doc/howto.html]
[vimcdoc.sourceforge.net/doc/pi_spec.html]
[vimcdoc.sourceforge.net/doc/quotes.html]
[vimcdoc.sourceforge.net/doc/sponsor.html]
[vimcdoc.sourceforge.net/doc/version5.html]
[vimcdoc.sourceforge.net/doc/options.html]
[vimcdoc.sourceforge.net/doc/intro.html]
[vimcdoc.sourceforge.net/doc/change.html]
[vimcdoc.sourceforge.net/doc/tagsrch.html]
[vimcdoc.sourceforge.net/doc/spell.html]
[vimcdoc.sourceforge.net/doc/fold.html]
[vimcdoc.sourceforge.net/doc/gui_x11.html]
[vimcdoc.sourceforge.net/doc/if_ruby.html]
[vimcdoc.sourceforge.net/doc/gui_w32.html]
[vimcdoc.sourceforge.net/doc/os_win32.html]
[vimcdoc.sourceforge.net/doc/arabic.html]
[vimcdoc.sourceforge.net/doc/usr_02.html]
[vimcdoc.sourceforge.net/doc/usr_04.html]
[vimcdoc.sourceforge.net/doc/pi_getscript.html]
[vimcdoc.sourceforge.net/doc/rileft.html]
[vimcdoc.sourceforge.net/doc/os_mac.html]
[vimcdoc.sourceforge.net/doc/pi_zip.html]
[vimcdoc.sourceforge.net/doc/usr_toc.html]
[vimcdoc.sourceforge.net/doc/term.html]
